100 50
####################################################################################################
#............#...#.......#................................................................#........#
#............#.#.#.#####.#...###########################################################..#........#
#............#.#.#.....#.#...#####################################################.....#..#........#
#............#.#.#####.#.#...##...............F#............O...................##.....#..#........#
#............#.#.......#.#...##....#############.........F...........########...##.....#..#........#
#............#.#########.#...##......................................#F.........##.....#..#........#
#............#.........#.#...##########################.....######################.....#..#........#
#............########..#.#.............................................................#..#........#
#............#.........#.#.............................................................#..#........#
#............##.####.###.###############################################################..#........#
#............#........O#..................................................................#........#
#............#.##.###..####################################################################........#
#............#.........#...........................................................................#
#............#.........#...........................................................................#
#............#.........#..................................#####....................................#
#............#.........#..................................#.O..#...................................#
#............#.........#.................................#.#....#..................................#
#............#.........#................................#...#....#.................................#
#............#.........#...............................#.....#....#................................#
#............#.........#..............................#............#...............................#
#............#.........#.............................#.........#....#..............................#
#............#.........#............................#...........#....#.............................#
#............#.....................................###############....#............................#
#............#....................................#...............#....#...........................#
#............#...................................#.................#....#..........................#
#............#..................................#...................#....#.........................#
#..............................................#.....................#....#........................#
#.............................................#.......................#....#.......................#
#.....................................#########.......................##....#......................#
#.................................#################................................................#
#............................#####.................................................................#
#...........................#O.....................................................................#
#.........................##.......................................................................#
#.........................##.......................................................................#
#........................###..........##########################.###...............................#
#.......................####..........#.......#.....#.#.#..........#...............................#
#......................#####..........#.....P.#...#.#..............#...............................#
#.......................####..........#...........#...###..........#...............................#
#........................###..........##############################...............................#
#.........................##.......................................................................#
#.........................##.......................................................................#
#...........................#......................................................................#
#............................####..................................................................#
#................................#################.................................................#
#....................................##########....................................................#
#..................................................................................................#
#..................................................................................................#
#......................O...........................................................................#
####################################################################################################